<area shape="rect" href="$db/dad/alignment_8h.html" title="alignment.h" alt="" coords="240,230,334,256">
<area shape="rect" href="$d4/def/global__alignment_2base_8h.html" title="base.h" alt="" coords="107,379,168,406">
<area shape="rect" href="$d6/ded/scores_2base_8h.html" title="base.h" alt="" coords="306,379,367,406">
<area shape="rect" href="$dd/d90/alphabet_8h.html" title="alphabet.h" alt="" coords="184,155,270,182">
<area shape="rect" href="$d9/deb/amino__acids_8h.html" title="amino_acids.h" alt="" coords="107,230,216,256">
<area shape="rect" href="$d5/d1b/similarity_8h.html" title="similarity.h" alt="" coords="94,304,182,331">
<area shape="rect" href="$d4/ddd/container_8h.html" title="container.h" alt="" coords="208,80,299,107">
<area shape="rect" href="$d3/d9b/scores_2two__sequences__base_8h.html" title="two_sequences_base.h" alt="" coords="424,80,587,107">
<area shape="rect" href="$d9/d67/binary__tree_8h.html" title="binary_tree.h" alt="" coords="662,80,763,107">
<area shape="rect" href="$d3/d64/neighbour__joining__tree_8h.html" title="neighbour_joining_tree.h" alt="" coords="535,155,706,182">
<area shape="rect" href="$dd/db4/tree__weighting__base_8h.html" title="tree_weighting_base.h" alt="" coords="730,155,887,182">
<area shape="rect" href="$dc/dac/io_8h.html" title="io.h" alt="" coords="256,304,299,331">
<area shape="rect" href="$da/dc2/branch__proportional__weighting_8h.html" title="branch_proportional_weighting.h" alt="" coords="699,230,918,256">
